Abandoned Files:

DeletedClass.AbandoneMethod.approved.txt
