GetDotNetVersion => Net_v4.0.30319.18052
GetOsName => Windows_7
GetUserName => ForUser.llewellyn
